// Jest Snapshot v1, https://goo.gl/fbAQLP

exports[`DibsDriverCard matches snapshot 1`] = `
<div>
  <div
    class="w-[32.7rem] flex flex-col rounded-[1.6rem] border border-line-100 py-[1.6rem] px-[1.4rem] gap-[1.4rem] shadow-[-0.2rem_-0.2rem_1rem_rgba(220,220,220,0.3)]"
  >
    <div
      class="flex gap-[0.4rem]"
    >
      <div
        data-testid="moving-type-chip"
      >
        HOME
      </div>
      <div
        data-testid="moving-type-chip"
      >
        SMALL
      </div>
    </div>
    <p
      class="font-semibold text-[1.4rem] leading-[2.4rem] text-black-300"
    >
      안녕하세요, 저는 경험이 많은 드라이버입니다.
    </p>
    <div
      class="w-full flex rounded-[0.6rem] border border-line-100 p-[1rem] gap-[1.2rem]"
    >
      <div
        class="w-[4.6rem] h-[4.6rem]"
      >
        <img
          alt="profile"
          class="border-2 border-blue-400 rounded-full"
          height="46"
          src="http://placehold.it/56x56"
          width="46"
        />
      </div>
      <div
        class="w-full flex flex-col gap-[1.2rem]"
      >
        <div
          class="flex items-center justify-between"
        >
          <p
            class="font-semibold text-[1.4rem] leading-[2.4rem] text-black-300"
          >
            홍길동
             기사님
          </p>
          <div
            class="flex items-center gap-[0.2rem]"
          >
            <img
              alt="like"
              height="24"
              src="[object Object]"
              width="24"
            />
            <p
              class="font-medium text-[1.3rem] leading-[2.2rem] text-blue-400"
            >
              10
            </p>
          </div>
        </div>
        <div
          class="flex items-center justify-between"
        >
          <div
            class="flex gap-[0.2rem] items-center"
          >
            <img
              alt="star"
              height="20"
              src="[object Object]"
              width="20"
            />
            <p
              class="font-medium text-[1.3rem] leading-[2.2rem] text-black-300"
            >
              4.5
            </p>
            <p
              class="font-medium text-[1.3rem] leading-[2.2rem] text-gray-300"
            >
              (
              20
              )
            </p>
          </div>
          <div
            class="h-[1.4rem] border border-line-200"
          />
          <div
            class="flex gap-[0.4rem]"
          >
            <p
              class="font-medium text-[1.3rem] leading-[2.2rem] text-gray-300"
            >
              경력
            </p>
            <p
              class="font-medium text-[1.3rem] leading-[2.2rem] text-black-300"
            >
              5
              년
            </p>
          </div>
          <div
            class="h-[1.4rem] border border-line-200"
          />
          <div
            class="flex gap-[0.4rem]"
          >
            <p
              class="font-medium text-[1.3rem] leading-[2.2rem] text-black-300"
            >
              15
              건
            </p>
            <p
              class="font-medium text-[1.3rem] leading-[2.2rem] text-gray-300"
            >
              확정
            </p>
          </div>
        </div>
      </div>
    </div>
  </div>
</div>
`;
